<div class="_t1f4c"></div>
<div class="_rsml"></div>
<div class="_t1g2d _rtkm"></div>
<div class="_rtkm _t1g2d"></div>

<div class="_3hirn"></div>
<div class="_0bcg0"></div>
<div class="_3hjpo _0bbhv"></div>
<div class="_0bbhv _3hjpo"></div>

<div class="_t7rr0p"></div>
<div class="_s2lcg"></div>
<div class="_t7rq2o _s2kef"></div>
<div class="_s2kef _t7rq2o"></div>
