{"mangleSelectors":false,"reconfigurable":true,"dev":true,"selectorsList":{"color:red":{"mangledSelector":"s0","processed":true},"minw640px:color:blue":{"mangledSelector":"s1","processed":true},"minw1024px&&maxw1280:color:green":{"mangledSelector":"s2","processed":true},"minw1280px||landscape:color:purple":{"mangledSelector":"s3","processed":true},"minw1280px||landscape:hover:color:purple":{"mangledSelector":"s4","processed":true},"color:steelblue":{"mangledSelector":"s5","processed":true}},"cssTree":{"_":{"color:red":{"selectors":["color:red"],"properties":{"color":"red"}},"color:steelblue":{"selectors":["color:steelblue"],"properties":{"color":"steelblue"}}},"(min-width: 640px)":{"minw640px:color:blue":{"selectors":["minw640px:color:blue"],"properties":{"color":"blue"}}},"(min-width: 1024px) and (max-width: 1280)":{"minw1024px&&maxw1280:color:green":{"selectors":["minw1024px&&maxw1280:color:green"],"properties":{"color":"green"}}},"(min-width: 1280px), (orientation: landscape)":{"minw1280px||landscape:color:purple":{"selectors":["minw1280px||landscape:color:purple"],"properties":{"color":"purple"}},"minw1280px||landscape:hover:color:purple":{"selectors":["minw1280px||landscape:hover:color:purple:hover"],"properties":{"color":"purple"}}}}}