<!--
	@stylify-components
		'profiler-extension': `
			box-sizing:border-box
			border-left:1px__solid__#555
			align-items:center
			display:flex
			min-height:100%
			position:relative
			hover:background:#333
		`,
		'profiler-extension__button': `
			box-sizing:border-box
			height:20px
			padding:0__8px
			display:flex
			align-items:center
			justify-content:center
			font-size:12px
			cursor:pointer
			user-select:none
		`,
		'profiler-extension__button--active': 'background-color:#333',
		'profiler-extension__dropdown': `
			box-sizing:border-box
			position:absolute
			bottom:100%
			left:0
			max-height:50vh
			overflow:auto
			min-width:100%
			background:#000
			padding:8px
		`,
		'profiler-extension__link': `
			box-sizing:border-box
			text-decoration:none
			color:#00b2e5
			margin-right:8px
			white-space:nowrap
			display:inline-block
			cursor:pointer
		`,
		'profiler-extension__button-icon': `
			width:12px
			height:12px
			margin-right:8px
			display:inline-block
			font-weight:bold
			color:#aaa
		`,
		'profiler-extension__button-label': 'line-height:1'
	/@stylify-components

	@stylify-pregenerate
		border-top:1px__solid__#444
		background-color:#333
		bottom:0
		color:#fff
		content-visibility:hidden
		content-visibility:visible
		display:block
		display:none
		font-family:arial
		font-size:12px
		line-height:20px
		margin-left:8px
		margin:0__8px
		max-width:800px
		overflow-x:auto
		padding-top:8px
		position:fixed
		text-align:left
		visibility:hidden
		visibility:visible
		width:auto
		word-spacing:24px
		profiler-extension
		profiler-extension__button
		profiler-extension__button--active
		profiler-extension__dropdown
		profiler-extension__link
		profiler-extension__button-icon
		profiler-extension__button-label
	/@stylify-pregenerate
-->
