<div class="_9kvng"></div>

<code-element>
	<div class="_aihf5"></div>
	<!-- This single closed element here is correct -->
	</code>
	<code class="_oefhb2">
		<!-- stylify-ignore -->
			<div class="color:darkgreen"></div>
		<!-- /stylify-ignore -->
	</code>
	<div class="_228bhf"></div>
</code-element>

<!-- This tests if previous code-element is not wrongly matched (closed too early) -->
<div class="_oe9l1b"></div>

<!-- stylify-ignore -->
<div class="color:green"></div>
<!-- /stylify-ignore -->

<code>
	<div class="color:blue"></div>
</code>

<pre>
	<div class="color:yellow"></div>
</pre>

<head>
	<div class="color:pink"></div>
</head>

<script>
	<div class="color:orange"></div>
</script>

