<div class="display:grid transition:all__.5s"></div>
