<!--
	@stylify-files[second/nette.latte second/symfony.twig second/vue.vue]
	@stylify-pregenerate[content:,,second,,]
-->

<div class="_vknnqtm"></div>
