<div class="c d e f g h">
	<div class="i j a b"></div>
</div>
