<div class="k l j a b">
	<div class="m g n h"></div>
</div>
