<!DOCTYPE html>
<html lang="en">
<head>
	<meta charset="UTF-8">
	<meta name="viewport" content="width=device-width, initial-scale=1.0">
	<title>Document</title>
</head>
<body class="_qvfideii798 _ksv0h6qc7j">
	<div class="
		_hcq6clpqb1
		_atqtmljfvs
		_d4h2d9nvotg
		_evtr66froo
		_jlht13enu58
		_sbevkmc3crg"
	>
		About page
	</div>
</body>
</html>
