<!-- stylify-pregenerate font-size:123px line-height:123px color:#fff color:#888 /stylify-pregenerate -->
<!--
stylify-screens
	'testScreen': '(min-width: 123px)',
	'dynamic\\w+': (screen) => `(max-width: ${screen.replace('dynamic', '')})`
/stylify-screens

stylify-pregenerate font-size:456px line-height:456px color:yellow /stylify-pregenerate
-->

<!DOCTYPE html>
<html lang="en">
<head>
	<meta charset="UTF-8">
	<meta name="viewport" content="width=device-width, initial-scale=1.0">
	<title>Document</title>
</head>
<body class="_1go3 _h0fu6">
	<div class="
		_1vegb8
		_h3cr9
		_dlen7
		_9gav2
		_m0vnad
		_olqrj2
		_bbjh7
		_i9e8r0
	">
		Index Page
	</div>
</body>
</html>
