<div class=" _t1f7 "></div>
<div class="_t1f7">
<div class='_t1f7 _t1f7 '>
