<!-- File content changed during build. -->
<div class="a"></div>
