<button class="a"></button>
<div class="b"></div>
<h1 class="c"></h1>
