<header><div class="a">Bold</div></header>

<div class="b c d">
	<div class="orange">Orange</div>
	<div class="orange large">Orange large</div>
</div>

<input type="text">

<div class="e f">
	<div>Blue div</div>
	<span>Blue span</span>
	<main>
		<div>Normal div</div>
	</main>
</div>

<header>
	<div class="g">
		<span>Purple</span>
		<div><span>Normal</span></div>
	</div>
</header>

<a href="#" class="h p n">
	<b>Icon</b>
	<span>Underlined</span>
</a>

<div>
	<button class="l">Button</button><br>
	<button class="l k">Button big<span>Border red overriden</span></button><br>
	<button class="l">
		<i>icon</i>
		<span>Span</span>
	</button><br>
	<header>
		<button class="l">Button orange</button>
	</header>
</div>

<div class="q i j">
	<div></div>
	<div></div>
	<div></div>
</div>

<div id="#wrapper">
	<div class="m">Green</div>
	<div id="header">Purple</div>
	<header>Orange</header>
</div>
