<div class="_b99lu7 _s93ul"></div>
<div n:class="'_2cdb', '_80pl5n'"></div>
<div v-bind:class="{ '_r8rd4': true, '_hob8'}"></div>
<div class="{if true}_b99lu7{else}_s93ul{/if}"></div>
