<button class="s8"></button>
<div class="s10"></div>
<h1 class="s9"></h1>
