<!-- @stylify-pregenerate content:^Excluded^ /@stylify-pregenerate -->

<div class="_5jc7t"></div>
