<!--
stylify-components
  container: `
    width:1px
    &--lg { width:2px }
  `
/stylify-components
-->
<div class="a b"></div>
