# stylify-components title: 'font-size:24px' /stylify-components
lol: "Some <strong class=\"b a\"></strong>"
