<!--
stylify-components
	button: `
		color:yellow
		&--big {
			font-size:24px
		}
	`
/stylify-components
-->
<div class="
	sf
	se
	sb
	sa
"></div>

<div class="sc sd"></div>
