<div class=" a "></div>
<div class="a">
<div class='a a '>
