<head>
	<meta charset="UTF-8">
	<meta name="viewport" content="width=device-width">
	<meta name="generator"${$$addAttribute(Astro2.generator, "content")}>
	<title>${title}</title>
	${$$renderHead($$result)}
</head>
<body class="a"></body>
