{{ form_widget(form, { 'attr': {'class': 'b c'} }) }}
{{ form_widget(form, { 'attr': {"class": 'd e'} }) }}

<div class="{active ? 'a' : ''}">...</div>
<div class:f={active}>...</div>
<div class:g={!active}>...</div>
