<!--
stylify-components
	button: `
		u-color:yellow
		&--big {
			u-font-size:24px
		}
	`
/stylify-components
-->
<div class="
	f
	e
	b
	a
"></div>

<div class="c d"></div>
