<div onload="
addAttribute('a b', 'class:list');addAttribute('c d', 'class')
">
</div>
